// Jest Snapshot v1, https://goo.gl/fbAQLP

exports[`Public function wrap() - when called with valid Model parameter - overloads find() exactly as expected 1`] = `
"async function wrapper(...args) {
    let result;
    const client = await getClient();

    try {
      result = await this.__proto__[name].apply(this, args);

      if (client.batchSize) {
        result = result.batchSize(client.batchSize);
      }
    } catch (error) {
      result = handleError(error, client, this, this[name], args);
    }

    return result;
  }"
`;
