// Jest Snapshot v1, https://goo.gl/fbAQLP

exports[`Mongoose model wrapper function wrap() - when looking at the code of single methods in production mode - overloads find() matching snapshot 1`] = `
"async function wrapper(...args) {
  let result;
  const methodPrototype = Object.getPrototypeOf(this)[name];
  const client = await getClient();
  const method = this[name];

  try {
    const query = methodPrototype.apply(this, args);

    if (client != null && client.batchSize) {
      query.batchSize(client.batchSize);
    }

    result = await query;
  } catch (error) {
    result = handleError(error, client, this, method, args);
  }

  return result;
}
"
`;
